// Vitest Snapshot v1, https://vitest.dev/guide/snapshot.html

exports[`Pronouncement > renders correctly with Woodchipper reading 1`] = `
<div>
  <div
    class="max-w-2xl mx-auto py-6"
    data-testid="pronouncement"
  >
    <div
      class="mb-6"
    >
      <p
        class="text-xs font-mono text-black/40 uppercase tracking-widest mb-2"
      >
        Woodchipper’s reading
      </p>
      <p
        class="text-sm text-black/50"
      >
        original argument
         · behavioral-ecology
         · draft stage
      </p>
    </div>
    <div
      class="mb-5 p-4 rounded-xl border border-black/10 bg-black/[0.02]"
    >
      <p
        class="text-xs font-medium text-black/40 uppercase tracking-widest mb-1"
      >
        Basis of this reading
      </p>
      <p
        class="text-sm text-black/60 italic"
      >
        medium confidence — moderate submission
      </p>
    </div>
    <div
      class="mb-5 p-4 rounded-xl border border-black/10"
    >
      <p
        class="text-xs font-medium text-black/40 uppercase tracking-widest mb-3"
      >
        What reads well
      </p>
      <ul
        class="space-y-2"
      >
        <li
          class="flex gap-2 text-sm text-black/70"
        >
          <span
            class="text-black/20 flex-shrink-0"
          >
            •
          </span>
          Academic structure detected
        </li>
        <li
          class="flex gap-2 text-sm text-black/70"
        >
          <span
            class="text-black/20 flex-shrink-0"
          >
            •
          </span>
          Substantial content provided
        </li>
      </ul>
    </div>
    <div
      class="mb-5 p-4 rounded-xl border border-black/10"
    >
      <p
        class="text-xs font-medium text-black/40 uppercase tracking-widest mb-3"
      >
        Where development could help
      </p>
      <ul
        class="space-y-2"
      >
        <li
          class="flex gap-2 text-sm text-black/70"
        >
          <span
            class="text-black/20 flex-shrink-0"
          >
            •
          </span>
          Categorization uncertain — adding domain context would help
        </li>
      </ul>
    </div>
    <div
      class="mb-5 p-4 rounded-xl border border-amber-200/50 bg-amber-50/30"
    >
      <p
        class="text-xs font-medium text-black/40 uppercase tracking-widest mb-2"
      >
        Claims–content gap
      </p>
      <p
        class="text-sm text-black/60"
      >
        Claims detected but supporting evidence not yet visible
      </p>
    </div>
    <div
      class="mb-5 p-4 rounded-xl border border-black/10"
    >
      <p
        class="text-xs font-medium text-black/40 uppercase tracking-widest mb-3"
      >
        What this work bears on
      </p>
      <ul
        class="space-y-2"
      >
        <li
          class="flex gap-2 text-sm text-black/70"
        >
          <span
            class="text-black/20 flex-shrink-0"
          >
            •
          </span>
          This work sits within behavioral ecology
        </li>
      </ul>
    </div>
    <div
      class="mb-5 p-4 rounded-xl bg-black/[0.02] border border-black/10"
    >
      <p
        class="text-sm text-black/50"
      >
        Within behavioral ecology
      </p>
    </div>
    <div
      class="pt-5 border-t border-black/5 space-y-2"
    >
      <button
        class="w-full flex items-center justify-between px-5 py-3.5 rounded-xl bg-black/90 text-white hover:bg-black/70 transition-colors"
        data-testid="pronouncement-proceed"
      >
        <span
          class="text-sm font-medium"
        >
          Work on this — improve and iterate
        </span>
        <span
          class="text-white/60"
        >
          →
        </span>
      </button>
      <button
        class="w-full px-5 py-3 rounded-xl border border-black/10 text-sm text-black/50 hover:border-black/25 transition-colors text-left"
      >
        Export or continue to other services
      </button>
    </div>
  </div>
</div>
`;
