// Vitest Snapshot v1, https://vitest.dev/guide/snapshot.html

exports[`Pronouncement > renders correctly with WCI result 1`] = `
<div>
  <div
    class="max-w-2xl mx-auto py-6"
    data-testid="pronouncement"
  >
    <div
      class="mb-6"
    >
      <p
        class="text-xs font-mono text-gray-400 uppercase tracking-widest mb-2"
      >
        Woodchipper's reading
      </p>
      <p
        class="text-sm text-gray-500"
      >
        null result
         · Behavioral Ecology
      </p>
    </div>
    <div
      class="mb-5 p-4 rounded-xl border border-gray-200 bg-gray-50"
    >
      <p
        class="text-xs font-medium text-gray-500 uppercase tracking-widest mb-1"
      >
        Basis of this reading
      </p>
      <p
        class="text-sm text-gray-700 italic"
      >
        corpus-level — test
      </p>
    </div>
    <div
      class="mb-5 p-4 rounded-xl border border-gray-200"
    >
      <p
        class="text-xs font-medium text-gray-500 uppercase tracking-widest mb-3"
      >
        What reads well
      </p>
      <ul
        class="space-y-2"
      >
        <li
          class="flex gap-2 text-sm text-gray-700"
        >
          <span
            class="text-gray-300 flex-shrink-0"
          >
            •
          </span>
          Three independent sites.
        </li>
        <li
          class="flex gap-2 text-sm text-gray-700"
        >
          <span
            class="text-gray-300 flex-shrink-0"
          >
            •
          </span>
          Excellent calibration.
        </li>
      </ul>
    </div>
    <div
      class="mb-5 p-4 rounded-xl border border-gray-200"
    >
      <p
        class="text-xs font-medium text-gray-500 uppercase tracking-widest mb-3"
      >
        Where development could help
      </p>
      <ul
        class="space-y-2"
      >
        <li
          class="flex gap-2 text-sm text-gray-700"
        >
          <span
            class="text-gray-300 flex-shrink-0"
          >
            •
          </span>
          Structurally expected.
        </li>
      </ul>
    </div>
    <div
      class="mb-5 p-4 rounded-xl bg-gray-50 border border-gray-200"
    >
      <p
        class="text-sm text-gray-600"
      >
        Null-result papers typically score 55–68.
      </p>
    </div>
    <div
      class="pt-5 border-t border-gray-100 space-y-2"
    >
      <button
        class="w-full flex items-center justify-between px-5 py-3.5 rounded-xl bg-gray-900 text-white hover:bg-gray-700 transition-colors"
        data-testid="pronouncement-proceed"
      >
        <span
          class="text-sm font-medium"
        >
          Proceed to export
        </span>
        <span
          class="text-white/60"
        >
          →
        </span>
      </button>
      <button
        class="w-full px-5 py-3 rounded-xl border border-gray-200 text-sm text-gray-600 hover:border-gray-400 transition-colors text-left"
      >
        Run another evaluation
      </button>
    </div>
  </div>
</div>
`;
